
Memory Configuration

Name             Origin             Length             Attributes
FLASH            0x08000000         0x00008000         xr
RAM              0x20000000         0x00001000         xrw
*default*        0x00000000         0xffffffff

Linker script and memory map


.text           0x08000000      0x8c4
 *(.vectors)
 .vectors       0x08000000       0xc0 ./output/startup_ARMCM0.o
                0x08000000                __Vectors
                0x080000c0                __Vectors_End = .
                0x000000c0                __Vectors_Size = (__Vectors_End - __Vectors)
                0x080000c0                __end__ = .
 *(.text*)
 .text          0x080000c0      0x220 ./output/clock.o
                0x080000c0                system_init
                0x08000270                enabled_clock
 .text          0x080002e0      0x160 ./output/gpio.o
                0x080002e0                pin_init
                0x080003ec                led_on
                0x08000414                led_off
 .text          0x08000440      0x288 ./output/interrupt.o
                0x08000440                Reserved_IRQHandler
                0x08000446                NMI_Handler
                0x0800044c                HardFault_Handler
                0x08000452                SVC_Handler
                0x08000458                PendSV_Handler
                0x0800045e                SysTick_Handler
                0x08000464                EXTI0_1_IRQHandler
                0x080004c0                EXTI2_3_IRQHandler
                0x080004e8                USART1_IRQHandler
                0x08000540                interrupt_init
 .text          0x080006c8       0x9c ./output/main.o
                0x080006c8                delay
                0x08000708                main
 .text          0x08000764        0x4 ./output/startup_ARMCM0.o
                0x08000764                Reset_Handler
 .text          0x08000768      0x148 ./output/usart.o
                0x08000768                usart_init
                0x08000828                usart_send_byte
                0x08000874                usart_send_string
 *(.init)
 *(.fini)
 *(.rodata*)
 .rodata        0x080008b0       0x14 ./output/main.o
 *(.eh_frame*)

.glue_7         0x080008c4        0x0
 .glue_7        0x080008c4        0x0 linker stubs

.glue_7t        0x080008c4        0x0
 .glue_7t       0x080008c4        0x0 linker stubs

.vfp11_veneer   0x080008c4        0x0
 .vfp11_veneer  0x080008c4        0x0 linker stubs

.v4_bx          0x080008c4        0x0
 .v4_bx         0x080008c4        0x0 linker stubs

.iplt           0x080008c4        0x0
 .iplt          0x080008c4        0x0 ./output/clock.o

.rel.dyn        0x080008c4        0x0
 .rel.iplt      0x080008c4        0x0 ./output/clock.o

.data           0x20000000        0x0
                0x20000000                __data_start__ = .
 *(vtable)
 *(.data*)
 .data          0x20000000        0x0 ./output/clock.o
 .data          0x20000000        0x0 ./output/gpio.o
 .data          0x20000000        0x0 ./output/interrupt.o
 .data          0x20000000        0x0 ./output/main.o
 .data          0x20000000        0x0 ./output/startup_ARMCM0.o
 .data          0x20000000        0x0 ./output/usart.o
                0x20000000                __data_end__ = .

.igot.plt       0x20000000        0x0
 .igot.plt      0x20000000        0x0 ./output/clock.o

.bss            0x20000000        0x8
                0x20000000                . = ALIGN (0x4)
                0x20000000                __bss_start__ = .
 *(.bss*)
 .bss           0x20000000        0x0 ./output/clock.o
 .bss           0x20000000        0x0 ./output/gpio.o
 .bss           0x20000000        0x5 ./output/interrupt.o
                0x20000000                led_state
                0x20000004                rx_data
 .bss           0x20000005        0x0 ./output/main.o
 .bss           0x20000005        0x0 ./output/startup_ARMCM0.o
 .bss           0x20000005        0x0 ./output/usart.o
 *(COMMON)
                0x20000008                . = ALIGN (0x4)
 *fill*         0x20000005        0x3 
                0x20000008                __bss_end__ = .

.heap           0x20000008      0x200
                0x20000008                __HeapBase = .
                0x20000008                __end__ = .
                0x20000008                end = __end__
 *(.heap*)
 .heap          0x20000008      0x200 ./output/startup_ARMCM0.o
                0x20000208                __HeapLimit = .

.stack_dummy    0x20000008      0x100
 *(.stack*)
 .stack         0x20000008      0x100 ./output/startup_ARMCM0.o
                0x20001000                __StackTop = (ORIGIN (RAM) + LENGTH (RAM))
                0x20000f00                __StackLimit = (__StackTop - SIZEOF (.stack_dummy))
                [!provide]                PROVIDE (__stack, __StackTop)
                0x00000001                ASSERT ((__StackLimit >= __HeapLimit), region RAM overflowed with stack)
LOAD ./output/clock.o
LOAD ./output/gpio.o
LOAD ./output/interrupt.o
LOAD ./output/main.o
LOAD ./output/startup_ARMCM0.o
LOAD ./output/usart.o
OUTPUT(./output/stm32f0_discovery_usart.elf elf32-littlearm)

.debug_info     0x00000000      0x4a0
 .debug_info    0x00000000      0x101 ./output/clock.o
 .debug_info    0x00000101       0xb3 ./output/gpio.o
 .debug_info    0x000001b4      0x164 ./output/interrupt.o
 .debug_info    0x00000318       0x96 ./output/main.o
 .debug_info    0x000003ae       0xf2 ./output/usart.o

.debug_abbrev   0x00000000      0x2fe
 .debug_abbrev  0x00000000       0x94 ./output/clock.o
 .debug_abbrev  0x00000094       0x87 ./output/gpio.o
 .debug_abbrev  0x0000011b       0xb0 ./output/interrupt.o
 .debug_abbrev  0x000001cb       0x85 ./output/main.o
 .debug_abbrev  0x00000250       0xae ./output/usart.o

.debug_aranges  0x00000000       0xa0
 .debug_aranges
                0x00000000       0x20 ./output/clock.o
 .debug_aranges
                0x00000020       0x20 ./output/gpio.o
 .debug_aranges
                0x00000040       0x20 ./output/interrupt.o
 .debug_aranges
                0x00000060       0x20 ./output/main.o
 .debug_aranges
                0x00000080       0x20 ./output/usart.o

.debug_line     0x00000000      0x317
 .debug_line    0x00000000       0xeb ./output/clock.o
 .debug_line    0x000000eb       0x70 ./output/gpio.o
 .debug_line    0x0000015b       0xbc ./output/interrupt.o
 .debug_line    0x00000217       0x8b ./output/main.o
 .debug_line    0x000002a2       0x75 ./output/usart.o

.debug_str      0x00000000      0x2a2
 .debug_str     0x00000000      0x146 ./output/clock.o
                                0x153 (size before relaxing)
 .debug_str     0x00000146       0x30 ./output/gpio.o
                                0x10b (size before relaxing)
 .debug_str     0x00000176       0xc5 ./output/interrupt.o
                                0x1a0 (size before relaxing)
 .debug_str     0x0000023b       0x18 ./output/main.o
                                 0xf3 (size before relaxing)
 .debug_str     0x00000253       0x4f ./output/usart.o
                                0x136 (size before relaxing)

.comment        0x00000000       0x7e
 .comment       0x00000000       0x7e ./output/clock.o
                                 0x7f (size before relaxing)
 .comment       0x0000007e       0x7f ./output/gpio.o
 .comment       0x0000007e       0x7f ./output/interrupt.o
 .comment       0x0000007e       0x7f ./output/main.o
 .comment       0x0000007e       0x7f ./output/usart.o

.ARM.attributes
                0x00000000       0x2f
 .ARM.attributes
                0x00000000       0x31 ./output/clock.o
 .ARM.attributes
                0x00000031       0x31 ./output/gpio.o
 .ARM.attributes
                0x00000062       0x31 ./output/interrupt.o
 .ARM.attributes
                0x00000093       0x31 ./output/main.o
 .ARM.attributes
                0x000000c4       0x1b ./output/startup_ARMCM0.o
 .ARM.attributes
                0x000000df       0x31 ./output/usart.o

.debug_frame    0x00000000      0x2b8
 .debug_frame   0x00000000       0x50 ./output/clock.o
 .debug_frame   0x00000050       0x70 ./output/gpio.o
 .debug_frame   0x000000c0      0x138 ./output/interrupt.o
 .debug_frame   0x000001f8       0x50 ./output/main.o
 .debug_frame   0x00000248       0x70 ./output/usart.o
